// Jest Snapshot v1, https://goo.gl/fbAQLP

exports[`renders correctly 1`] = `
<div
  onClick={[Function]}
>
  <p>
    10
    Â°c
  </p>
  <div>
    Toronto
  </div>
</div>
`;
